// Jest Snapshot v1, https://goo.gl/fbAQLP

exports[`Component: Post renders correctly 1`] = `
ShallowWrapper {
  "length": 1,
  Symbol(enzyme.__root__): [Circular],
  Symbol(enzyme.__unrendered__): <Post />,
  Symbol(enzyme.__renderer__): Object {
    "batchedUpdates": [Function],
    "getNode": [Function],
    "render": [Function],
    "simulateEvent": [Function],
    "unmount": [Function],
  },
  Symbol(enzyme.__node__): Object {
    "instance": null,
    "key": undefined,
    "nodeType": "host",
    "props": Object {
      "children": Array [
        <CardHeader
          avatar={
            <NavLink
              activeClassName="active"
              ariaCurrent="true"
              to="/undefined"
            >
              <Connect(UserAvatar)
                fileName={undefined}
                fullName={undefined}
                size={36}
              />
            </NavLink>
          }
          subtitle="Invalid date"
          title={
            <NavLink
              activeClassName="active"
              ariaCurrent="true"
              to="/undefined"
            />
          }
        >
          
        </CardHeader>,
        "",
        "",
        <CardActions>
          <div
            style={
              Object {
                "display": "flex",
                "justifyContent": "space-between",
                "margin": "16px 8px",
              }
            }
          >
            <div
              style={
                Object {
                  "display": "flex",
                }
              }
            >
              <div
                className="g__circle"
                onClick={[Function]}
              >
                <Checkbox
                  checkedIcon={
                    <ActionFavorite
                      style={
                        Object {
                          "fill": "#EC425C",
                        }
                      }
                    />
                  }
                  defaultChecked={undefined}
                  disabled={false}
                  labelPosition="right"
                  style={
                    Object {
                      "transform": "translate(6px, 6px)",
                    }
                  }
                  uncheckedIcon={
                    <ActionFavoriteBorder
                      style={
                        Object {
                          "fill": "#757575",
                        }
                      }
                    />
                  }
                />
              </div>
              <div
                style={
                  Object {
                    "color": "#757575",
                    "fontSize": "12px",
                    "lineHeight": "36px",
                  }
                }
              >
                 
                
                 
              </div>
            </div>
            <div
              style={
                Object {
                  "display": "flex",
                }
              }
            >
              <div
                style={
                  Object {
                    "alignItems": "center",
                    "display": "flex",
                  }
                }
              >
                <div
                  style={
                    Object {
                      "color": "#757575",
                      "fontSize": "12px",
                      "lineHeight": "36px",
                    }
                  }
                >
                  
                </div>
                <span
                  className="g__circle"
                  style={
                    Object {
                      "alignItems": "center",
                      "display": "flex",
                      "justifyContent": "center",
                      "margin": "0",
                    }
                  }
                >
                  <svg
                    height="21"
                    onClick={[Function]}
                    style={
                      Object {
                        "marginTop": "2px",
                      }
                    }
                    width="20"
                    xmlns="http://www.w3.org/2000/svg"
                  >
                    <path
                      d="M11.87 16l-7.435 4.415A.288.288 0 0 1 4 20.168V16h-.493c-1.22 0-1.661-.127-2.107-.365A2.486 2.486 0 0 1 .365 14.6C.127 14.154 0 13.712 0 12.493V3.507C0 2.287.127 1.846.365 1.4A2.486 2.486 0 0 1 1.4.365C1.846.127 2.288 0 3.507 0h12.986c1.22 0 1.661.127 2.107.365.446.239.796.589 1.035 1.035.238.446.365.888.365 2.107v8.986c0 1.22-.127 1.661-.365 2.107a2.486 2.486 0 0 1-1.035 1.035c-.446.238-.888.365-2.107.365h-4.624zM3.753 2c-.61 0-.831.063-1.054.183-.223.119-.398.294-.517.517-.12.223-.183.444-.183 1.054v8.492c0 .61.063.831.183 1.054.119.223.294.398.517.517.223.12.444.183 1.054.183h12.492c.61 0 .831-.063 1.054-.183.223-.119.398-.294.517-.517.12-.223.183-.444.183-1.054V3.754c0-.61-.063-.831-.183-1.054a1.243 1.243 0 0 0-.517-.517c-.223-.12-.444-.183-1.054-.183H3.754zm6.97 12H6v3.104L10.724 14z"
                      fill="#757575"
                    />
                    <rect
                      fill="#fff"
                      height="2"
                      width="12"
                      x="4"
                      y="4"
                    />
                    <rect
                      fill="#fff"
                      height="2"
                      width="12"
                      x="4"
                      y="7"
                    />
                    <rect
                      fill="#fff"
                      height="2"
                      width="12"
                      x="4"
                      y="10"
                    />
                  </svg>
                </span>
              </div>
              <div
                className="g__circle"
                style={
                  Object {
                    "alignItems": "center",
                    "display": "flex",
                    "justifyContent": "center",
                  }
                }
              >
                <svg
                  height="16"
                  onClick={[Function]}
                  style={
                    Object {
                      "marginBottom": "1px",
                    }
                  }
                  width="20"
                  xmlns="http://www.w3.org/2000/svg"
                >
                  <path
                    d="M19.7 6.2l-6.6-6c-.5-.5-1.1 0-1.1.8v3C7.3 4 3.3 6.9 1.4 10.8.7 12.1.3 13.5 0 14.9c-.2 1 1.3 1.5 1.9.6C4.1 12 7.8 9.7 12 9.7V13c0 .8.6 1.3 1.1.8l6.6-6c.4-.4.4-1.2 0-1.6z"
                    fill="#757575"
                  />
                </svg>
              </div>
            </div>
          </div>
        </CardActions>,
        <Connect(CommentGroup)
          disableComments={undefined}
          isPostOwner={undefined}
          onToggleRequest={[Function]}
          open={false}
          ownerPostUserId={undefined}
          postId={undefined}
        />,
        <Snackbar
          autoHideDuration={1000}
          message="Link to Post copied!"
          open={false}
          style={
            Object {
              "left": "1%",
              "transform": "none",
            }
          }
        />,
        <Connect(PostWrite)
          disableComments={undefined}
          disableSharing={undefined}
          edit={true}
          id={undefined}
          image=""
          onRequestClose={[Function]}
          open={false}
          text={undefined}
        />,
      ],
      "style": Object {
        "backgroundColor": "#fff",
        "border": "1px solid #dddfe2",
        "borderRadius": "7px",
      },
    },
    "ref": null,
    "rendered": Array [
      Object {
        "instance": null,
        "key": undefined,
        "nodeType": "class",
        "props": Object {
          "avatar": <NavLink
            activeClassName="active"
            ariaCurrent="true"
            to="/undefined"
          >
            <Connect(UserAvatar)
              fileName={undefined}
              fullName={undefined}
              size={36}
            />
          </NavLink>,
          "children": "",
          "subtitle": "Invalid date",
          "title": <NavLink
            activeClassName="active"
            ariaCurrent="true"
            to="/undefined"
          />,
        },
        "ref": null,
        "rendered": "",
        "type": [Function],
      },
      "",
      "",
      Object {
        "instance": null,
        "key": undefined,
        "nodeType": "class",
        "props": Object {
          "children": <div
            style={
              Object {
                "display": "flex",
                "justifyContent": "space-between",
                "margin": "16px 8px",
              }
            }
          >
            <div
              style={
                Object {
                  "display": "flex",
                }
              }
            >
              <div
                className="g__circle"
                onClick={[Function]}
              >
                <Checkbox
                  checkedIcon={
                    <ActionFavorite
                      style={
                        Object {
                          "fill": "#EC425C",
                        }
                      }
                    />
                  }
                  defaultChecked={undefined}
                  disabled={false}
                  labelPosition="right"
                  style={
                    Object {
                      "transform": "translate(6px, 6px)",
                    }
                  }
                  uncheckedIcon={
                    <ActionFavoriteBorder
                      style={
                        Object {
                          "fill": "#757575",
                        }
                      }
                    />
                  }
                />
              </div>
              <div
                style={
                  Object {
                    "color": "#757575",
                    "fontSize": "12px",
                    "lineHeight": "36px",
                  }
                }
              >
                 
                
                 
              </div>
            </div>
            <div
              style={
                Object {
                  "display": "flex",
                }
              }
            >
              <div
                style={
                  Object {
                    "alignItems": "center",
                    "display": "flex",
                  }
                }
              >
                <div
                  style={
                    Object {
                      "color": "#757575",
                      "fontSize": "12px",
                      "lineHeight": "36px",
                    }
                  }
                >
                  
                </div>
                <span
                  className="g__circle"
                  style={
                    Object {
                      "alignItems": "center",
                      "display": "flex",
                      "justifyContent": "center",
                      "margin": "0",
                    }
                  }
                >
                  <svg
                    height="21"
                    onClick={[Function]}
                    style={
                      Object {
                        "marginTop": "2px",
                      }
                    }
                    width="20"
                    xmlns="http://www.w3.org/2000/svg"
                  >
                    <path
                      d="M11.87 16l-7.435 4.415A.288.288 0 0 1 4 20.168V16h-.493c-1.22 0-1.661-.127-2.107-.365A2.486 2.486 0 0 1 .365 14.6C.127 14.154 0 13.712 0 12.493V3.507C0 2.287.127 1.846.365 1.4A2.486 2.486 0 0 1 1.4.365C1.846.127 2.288 0 3.507 0h12.986c1.22 0 1.661.127 2.107.365.446.239.796.589 1.035 1.035.238.446.365.888.365 2.107v8.986c0 1.22-.127 1.661-.365 2.107a2.486 2.486 0 0 1-1.035 1.035c-.446.238-.888.365-2.107.365h-4.624zM3.753 2c-.61 0-.831.063-1.054.183-.223.119-.398.294-.517.517-.12.223-.183.444-.183 1.054v8.492c0 .61.063.831.183 1.054.119.223.294.398.517.517.223.12.444.183 1.054.183h12.492c.61 0 .831-.063 1.054-.183.223-.119.398-.294.517-.517.12-.223.183-.444.183-1.054V3.754c0-.61-.063-.831-.183-1.054a1.243 1.243 0 0 0-.517-.517c-.223-.12-.444-.183-1.054-.183H3.754zm6.97 12H6v3.104L10.724 14z"
                      fill="#757575"
                    />
                    <rect
                      fill="#fff"
                      height="2"
                      width="12"
                      x="4"
                      y="4"
                    />
                    <rect
                      fill="#fff"
                      height="2"
                      width="12"
                      x="4"
                      y="7"
                    />
                    <rect
                      fill="#fff"
                      height="2"
                      width="12"
                      x="4"
                      y="10"
                    />
                  </svg>
                </span>
              </div>
              <div
                className="g__circle"
                style={
                  Object {
                    "alignItems": "center",
                    "display": "flex",
                    "justifyContent": "center",
                  }
                }
              >
                <svg
                  height="16"
                  onClick={[Function]}
                  style={
                    Object {
                      "marginBottom": "1px",
                    }
                  }
                  width="20"
                  xmlns="http://www.w3.org/2000/svg"
                >
                  <path
                    d="M19.7 6.2l-6.6-6c-.5-.5-1.1 0-1.1.8v3C7.3 4 3.3 6.9 1.4 10.8.7 12.1.3 13.5 0 14.9c-.2 1 1.3 1.5 1.9.6C4.1 12 7.8 9.7 12 9.7V13c0 .8.6 1.3 1.1.8l6.6-6c.4-.4.4-1.2 0-1.6z"
                    fill="#757575"
                  />
                </svg>
              </div>
            </div>
          </div>,
        },
        "ref": null,
        "rendered": Object {
          "instance": null,
          "key": undefined,
          "nodeType": "host",
          "props": Object {
            "children": Array [
              <div
                style={
                  Object {
                    "display": "flex",
                  }
                }
              >
                <div
                  className="g__circle"
                  onClick={[Function]}
                >
                  <Checkbox
                    checkedIcon={
                      <ActionFavorite
                        style={
                          Object {
                            "fill": "#EC425C",
                          }
                        }
                      />
                    }
                    defaultChecked={undefined}
                    disabled={false}
                    labelPosition="right"
                    style={
                      Object {
                        "transform": "translate(6px, 6px)",
                      }
                    }
                    uncheckedIcon={
                      <ActionFavoriteBorder
                        style={
                          Object {
                            "fill": "#757575",
                          }
                        }
                      />
                    }
                  />
                </div>
                <div
                  style={
                    Object {
                      "color": "#757575",
                      "fontSize": "12px",
                      "lineHeight": "36px",
                    }
                  }
                >
                   
                  
                   
                </div>
              </div>,
              <div
                style={
                  Object {
                    "display": "flex",
                  }
                }
              >
                <div
                  style={
                    Object {
                      "alignItems": "center",
                      "display": "flex",
                    }
                  }
                >
                  <div
                    style={
                      Object {
                        "color": "#757575",
                        "fontSize": "12px",
                        "lineHeight": "36px",
                      }
                    }
                  >
                    
                  </div>
                  <span
                    className="g__circle"
                    style={
                      Object {
                        "alignItems": "center",
                        "display": "flex",
                        "justifyContent": "center",
                        "margin": "0",
                      }
                    }
                  >
                    <svg
                      height="21"
                      onClick={[Function]}
                      style={
                        Object {
                          "marginTop": "2px",
                        }
                      }
                      width="20"
                      xmlns="http://www.w3.org/2000/svg"
                    >
                      <path
                        d="M11.87 16l-7.435 4.415A.288.288 0 0 1 4 20.168V16h-.493c-1.22 0-1.661-.127-2.107-.365A2.486 2.486 0 0 1 .365 14.6C.127 14.154 0 13.712 0 12.493V3.507C0 2.287.127 1.846.365 1.4A2.486 2.486 0 0 1 1.4.365C1.846.127 2.288 0 3.507 0h12.986c1.22 0 1.661.127 2.107.365.446.239.796.589 1.035 1.035.238.446.365.888.365 2.107v8.986c0 1.22-.127 1.661-.365 2.107a2.486 2.486 0 0 1-1.035 1.035c-.446.238-.888.365-2.107.365h-4.624zM3.753 2c-.61 0-.831.063-1.054.183-.223.119-.398.294-.517.517-.12.223-.183.444-.183 1.054v8.492c0 .61.063.831.183 1.054.119.223.294.398.517.517.223.12.444.183 1.054.183h12.492c.61 0 .831-.063 1.054-.183.223-.119.398-.294.517-.517.12-.223.183-.444.183-1.054V3.754c0-.61-.063-.831-.183-1.054a1.243 1.243 0 0 0-.517-.517c-.223-.12-.444-.183-1.054-.183H3.754zm6.97 12H6v3.104L10.724 14z"
                        fill="#757575"
                      />
                      <rect
                        fill="#fff"
                        height="2"
                        width="12"
                        x="4"
                        y="4"
                      />
                      <rect
                        fill="#fff"
                        height="2"
                        width="12"
                        x="4"
                        y="7"
                      />
                      <rect
                        fill="#fff"
                        height="2"
                        width="12"
                        x="4"
                        y="10"
                      />
                    </svg>
                  </span>
                </div>
                <div
                  className="g__circle"
                  style={
                    Object {
                      "alignItems": "center",
                      "display": "flex",
                      "justifyContent": "center",
                    }
                  }
                >
                  <svg
                    height="16"
                    onClick={[Function]}
                    style={
                      Object {
                        "marginBottom": "1px",
                      }
                    }
                    width="20"
                    xmlns="http://www.w3.org/2000/svg"
                  >
                    <path
                      d="M19.7 6.2l-6.6-6c-.5-.5-1.1 0-1.1.8v3C7.3 4 3.3 6.9 1.4 10.8.7 12.1.3 13.5 0 14.9c-.2 1 1.3 1.5 1.9.6C4.1 12 7.8 9.7 12 9.7V13c0 .8.6 1.3 1.1.8l6.6-6c.4-.4.4-1.2 0-1.6z"
                      fill="#757575"
                    />
                  </svg>
                </div>
              </div>,
            ],
            "style": Object {
              "display": "flex",
              "justifyContent": "space-between",
              "margin": "16px 8px",
            },
          },
          "ref": null,
          "rendered": Array [
            Object {
              "instance": null,
              "key": undefined,
              "nodeType": "host",
              "props": Object {
                "children": Array [
                  <div
                    className="g__circle"
                    onClick={[Function]}
                  >
                    <Checkbox
                      checkedIcon={
                        <ActionFavorite
                          style={
                            Object {
                              "fill": "#EC425C",
                            }
                          }
                        />
                      }
                      defaultChecked={undefined}
                      disabled={false}
                      labelPosition="right"
                      style={
                        Object {
                          "transform": "translate(6px, 6px)",
                        }
                      }
                      uncheckedIcon={
                        <ActionFavoriteBorder
                          style={
                            Object {
                              "fill": "#757575",
                            }
                          }
                        />
                      }
                    />
                  </div>,
                  <div
                    style={
                      Object {
                        "color": "#757575",
                        "fontSize": "12px",
                        "lineHeight": "36px",
                      }
                    }
                  >
                     
                    
                     
                  </div>,
                ],
                "style": Object {
                  "display": "flex",
                },
              },
              "ref": null,
              "rendered": Array [
                Object {
                  "instance": null,
                  "key": undefined,
                  "nodeType": "host",
                  "props": Object {
                    "children": <Checkbox
                      checkedIcon={
                        <ActionFavorite
                          style={
                            Object {
                              "fill": "#EC425C",
                            }
                          }
                        />
                      }
                      defaultChecked={undefined}
                      disabled={false}
                      labelPosition="right"
                      style={
                        Object {
                          "transform": "translate(6px, 6px)",
                        }
                      }
                      uncheckedIcon={
                        <ActionFavoriteBorder
                          style={
                            Object {
                              "fill": "#757575",
                            }
                          }
                        />
                      }
                    />,
                    "className": "g__circle",
                    "onClick": [Function],
                  },
                  "ref": null,
                  "rendered": Object {
                    "instance": null,
                    "key": undefined,
                    "nodeType": "class",
                    "props": Object {
                      "checkedIcon": <ActionFavorite
                        style={
                          Object {
                            "fill": "#EC425C",
                          }
                        }
                      />,
                      "defaultChecked": undefined,
                      "disabled": false,
                      "labelPosition": "right",
                      "style": Object {
                        "transform": "translate(6px, 6px)",
                      },
                      "uncheckedIcon": <ActionFavoriteBorder
                        style={
                          Object {
                            "fill": "#757575",
                          }
                        }
                      />,
                    },
                    "ref": null,
                    "rendered": null,
                    "type": [Function],
                  },
                  "type": "div",
                },
                Object {
                  "instance": null,
                  "key": undefined,
                  "nodeType": "host",
                  "props": Object {
                    "children": Array [
                      " ",
                      "",
                      " ",
                    ],
                    "style": Object {
                      "color": "#757575",
                      "fontSize": "12px",
                      "lineHeight": "36px",
                    },
                  },
                  "ref": null,
                  "rendered": Array [
                    " ",
                    "",
                    " ",
                  ],
                  "type": "div",
                },
              ],
              "type": "div",
            },
            Object {
              "instance": null,
              "key": undefined,
              "nodeType": "host",
              "props": Object {
                "children": Array [
                  <div
                    style={
                      Object {
                        "alignItems": "center",
                        "display": "flex",
                      }
                    }
                  >
                    <div
                      style={
                        Object {
                          "color": "#757575",
                          "fontSize": "12px",
                          "lineHeight": "36px",
                        }
                      }
                    >
                      
                    </div>
                    <span
                      className="g__circle"
                      style={
                        Object {
                          "alignItems": "center",
                          "display": "flex",
                          "justifyContent": "center",
                          "margin": "0",
                        }
                      }
                    >
                      <svg
                        height="21"
                        onClick={[Function]}
                        style={
                          Object {
                            "marginTop": "2px",
                          }
                        }
                        width="20"
                        xmlns="http://www.w3.org/2000/svg"
                      >
                        <path
                          d="M11.87 16l-7.435 4.415A.288.288 0 0 1 4 20.168V16h-.493c-1.22 0-1.661-.127-2.107-.365A2.486 2.486 0 0 1 .365 14.6C.127 14.154 0 13.712 0 12.493V3.507C0 2.287.127 1.846.365 1.4A2.486 2.486 0 0 1 1.4.365C1.846.127 2.288 0 3.507 0h12.986c1.22 0 1.661.127 2.107.365.446.239.796.589 1.035 1.035.238.446.365.888.365 2.107v8.986c0 1.22-.127 1.661-.365 2.107a2.486 2.486 0 0 1-1.035 1.035c-.446.238-.888.365-2.107.365h-4.624zM3.753 2c-.61 0-.831.063-1.054.183-.223.119-.398.294-.517.517-.12.223-.183.444-.183 1.054v8.492c0 .61.063.831.183 1.054.119.223.294.398.517.517.223.12.444.183 1.054.183h12.492c.61 0 .831-.063 1.054-.183.223-.119.398-.294.517-.517.12-.223.183-.444.183-1.054V3.754c0-.61-.063-.831-.183-1.054a1.243 1.243 0 0 0-.517-.517c-.223-.12-.444-.183-1.054-.183H3.754zm6.97 12H6v3.104L10.724 14z"
                          fill="#757575"
                        />
                        <rect
                          fill="#fff"
                          height="2"
                          width="12"
                          x="4"
                          y="4"
                        />
                        <rect
                          fill="#fff"
                          height="2"
                          width="12"
                          x="4"
                          y="7"
                        />
                        <rect
                          fill="#fff"
                          height="2"
                          width="12"
                          x="4"
                          y="10"
                        />
                      </svg>
                    </span>
                  </div>,
                  <div
                    className="g__circle"
                    style={
                      Object {
                        "alignItems": "center",
                        "display": "flex",
                        "justifyContent": "center",
                      }
                    }
                  >
                    <svg
                      height="16"
                      onClick={[Function]}
                      style={
                        Object {
                          "marginBottom": "1px",
                        }
                      }
                      width="20"
                      xmlns="http://www.w3.org/2000/svg"
                    >
                      <path
                        d="M19.7 6.2l-6.6-6c-.5-.5-1.1 0-1.1.8v3C7.3 4 3.3 6.9 1.4 10.8.7 12.1.3 13.5 0 14.9c-.2 1 1.3 1.5 1.9.6C4.1 12 7.8 9.7 12 9.7V13c0 .8.6 1.3 1.1.8l6.6-6c.4-.4.4-1.2 0-1.6z"
                        fill="#757575"
                      />
                    </svg>
                  </div>,
                ],
                "style": Object {
                  "display": "flex",
                },
              },
              "ref": null,
              "rendered": Array [
                Object {
                  "instance": null,
                  "key": undefined,
                  "nodeType": "host",
                  "props": Object {
                    "children": Array [
                      <div
                        style={
                          Object {
                            "color": "#757575",
                            "fontSize": "12px",
                            "lineHeight": "36px",
                          }
                        }
                      >
                        
                      </div>,
                      <span
                        className="g__circle"
                        style={
                          Object {
                            "alignItems": "center",
                            "display": "flex",
                            "justifyContent": "center",
                            "margin": "0",
                          }
                        }
                      >
                        <svg
                          height="21"
                          onClick={[Function]}
                          style={
                            Object {
                              "marginTop": "2px",
                            }
                          }
                          width="20"
                          xmlns="http://www.w3.org/2000/svg"
                        >
                          <path
                            d="M11.87 16l-7.435 4.415A.288.288 0 0 1 4 20.168V16h-.493c-1.22 0-1.661-.127-2.107-.365A2.486 2.486 0 0 1 .365 14.6C.127 14.154 0 13.712 0 12.493V3.507C0 2.287.127 1.846.365 1.4A2.486 2.486 0 0 1 1.4.365C1.846.127 2.288 0 3.507 0h12.986c1.22 0 1.661.127 2.107.365.446.239.796.589 1.035 1.035.238.446.365.888.365 2.107v8.986c0 1.22-.127 1.661-.365 2.107a2.486 2.486 0 0 1-1.035 1.035c-.446.238-.888.365-2.107.365h-4.624zM3.753 2c-.61 0-.831.063-1.054.183-.223.119-.398.294-.517.517-.12.223-.183.444-.183 1.054v8.492c0 .61.063.831.183 1.054.119.223.294.398.517.517.223.12.444.183 1.054.183h12.492c.61 0 .831-.063 1.054-.183.223-.119.398-.294.517-.517.12-.223.183-.444.183-1.054V3.754c0-.61-.063-.831-.183-1.054a1.243 1.243 0 0 0-.517-.517c-.223-.12-.444-.183-1.054-.183H3.754zm6.97 12H6v3.104L10.724 14z"
                            fill="#757575"
                          />
                          <rect
                            fill="#fff"
                            height="2"
                            width="12"
                            x="4"
                            y="4"
                          />
                          <rect
                            fill="#fff"
                            height="2"
                            width="12"
                            x="4"
                            y="7"
                          />
                          <rect
                            fill="#fff"
                            height="2"
                            width="12"
                            x="4"
                            y="10"
                          />
                        </svg>
                      </span>,
                    ],
                    "style": Object {
                      "alignItems": "center",
                      "display": "flex",
                    },
                  },
                  "ref": null,
                  "rendered": Array [
                    Object {
                      "instance": null,
                      "key": undefined,
                      "nodeType": "host",
                      "props": Object {
                        "children": "",
                        "style": Object {
                          "color": "#757575",
                          "fontSize": "12px",
                          "lineHeight": "36px",
                        },
                      },
                      "ref": null,
                      "rendered": "",
                      "type": "div",
                    },
                    Object {
                      "instance": null,
                      "key": undefined,
                      "nodeType": "host",
                      "props": Object {
                        "children": <svg
                          height="21"
                          onClick={[Function]}
                          style={
                            Object {
                              "marginTop": "2px",
                            }
                          }
                          width="20"
                          xmlns="http://www.w3.org/2000/svg"
                        >
                          <path
                            d="M11.87 16l-7.435 4.415A.288.288 0 0 1 4 20.168V16h-.493c-1.22 0-1.661-.127-2.107-.365A2.486 2.486 0 0 1 .365 14.6C.127 14.154 0 13.712 0 12.493V3.507C0 2.287.127 1.846.365 1.4A2.486 2.486 0 0 1 1.4.365C1.846.127 2.288 0 3.507 0h12.986c1.22 0 1.661.127 2.107.365.446.239.796.589 1.035 1.035.238.446.365.888.365 2.107v8.986c0 1.22-.127 1.661-.365 2.107a2.486 2.486 0 0 1-1.035 1.035c-.446.238-.888.365-2.107.365h-4.624zM3.753 2c-.61 0-.831.063-1.054.183-.223.119-.398.294-.517.517-.12.223-.183.444-.183 1.054v8.492c0 .61.063.831.183 1.054.119.223.294.398.517.517.223.12.444.183 1.054.183h12.492c.61 0 .831-.063 1.054-.183.223-.119.398-.294.517-.517.12-.223.183-.444.183-1.054V3.754c0-.61-.063-.831-.183-1.054a1.243 1.243 0 0 0-.517-.517c-.223-.12-.444-.183-1.054-.183H3.754zm6.97 12H6v3.104L10.724 14z"
                            fill="#757575"
                          />
                          <rect
                            fill="#fff"
                            height="2"
                            width="12"
                            x="4"
                            y="4"
                          />
                          <rect
                            fill="#fff"
                            height="2"
                            width="12"
                            x="4"
                            y="7"
                          />
                          <rect
                            fill="#fff"
                            height="2"
                            width="12"
                            x="4"
                            y="10"
                          />
                        </svg>,
                        "className": "g__circle",
                        "style": Object {
                          "alignItems": "center",
                          "display": "flex",
                          "justifyContent": "center",
                          "margin": "0",
                        },
                      },
                      "ref": null,
                      "rendered": Object {
                        "instance": null,
                        "key": undefined,
                        "nodeType": "host",
                        "props": Object {
                          "children": Array [
                            <path
                              d="M11.87 16l-7.435 4.415A.288.288 0 0 1 4 20.168V16h-.493c-1.22 0-1.661-.127-2.107-.365A2.486 2.486 0 0 1 .365 14.6C.127 14.154 0 13.712 0 12.493V3.507C0 2.287.127 1.846.365 1.4A2.486 2.486 0 0 1 1.4.365C1.846.127 2.288 0 3.507 0h12.986c1.22 0 1.661.127 2.107.365.446.239.796.589 1.035 1.035.238.446.365.888.365 2.107v8.986c0 1.22-.127 1.661-.365 2.107a2.486 2.486 0 0 1-1.035 1.035c-.446.238-.888.365-2.107.365h-4.624zM3.753 2c-.61 0-.831.063-1.054.183-.223.119-.398.294-.517.517-.12.223-.183.444-.183 1.054v8.492c0 .61.063.831.183 1.054.119.223.294.398.517.517.223.12.444.183 1.054.183h12.492c.61 0 .831-.063 1.054-.183.223-.119.398-.294.517-.517.12-.223.183-.444.183-1.054V3.754c0-.61-.063-.831-.183-1.054a1.243 1.243 0 0 0-.517-.517c-.223-.12-.444-.183-1.054-.183H3.754zm6.97 12H6v3.104L10.724 14z"
                              fill="#757575"
                            />,
                            <rect
                              fill="#fff"
                              height="2"
                              width="12"
                              x="4"
                              y="4"
                            />,
                            <rect
                              fill="#fff"
                              height="2"
                              width="12"
                              x="4"
                              y="7"
                            />,
                            <rect
                              fill="#fff"
                              height="2"
                              width="12"
                              x="4"
                              y="10"
                            />,
                          ],
                          "height": "21",
                          "onClick": [Function],
                          "style": Object {
                            "marginTop": "2px",
                          },
                          "width": "20",
                          "xmlns": "http://www.w3.org/2000/svg",
                        },
                        "ref": null,
                        "rendered": Array [
                          Object {
                            "instance": null,
                            "key": undefined,
                            "nodeType": "host",
                            "props": Object {
                              "d": "M11.87 16l-7.435 4.415A.288.288 0 0 1 4 20.168V16h-.493c-1.22 0-1.661-.127-2.107-.365A2.486 2.486 0 0 1 .365 14.6C.127 14.154 0 13.712 0 12.493V3.507C0 2.287.127 1.846.365 1.4A2.486 2.486 0 0 1 1.4.365C1.846.127 2.288 0 3.507 0h12.986c1.22 0 1.661.127 2.107.365.446.239.796.589 1.035 1.035.238.446.365.888.365 2.107v8.986c0 1.22-.127 1.661-.365 2.107a2.486 2.486 0 0 1-1.035 1.035c-.446.238-.888.365-2.107.365h-4.624zM3.753 2c-.61 0-.831.063-1.054.183-.223.119-.398.294-.517.517-.12.223-.183.444-.183 1.054v8.492c0 .61.063.831.183 1.054.119.223.294.398.517.517.223.12.444.183 1.054.183h12.492c.61 0 .831-.063 1.054-.183.223-.119.398-.294.517-.517.12-.223.183-.444.183-1.054V3.754c0-.61-.063-.831-.183-1.054a1.243 1.243 0 0 0-.517-.517c-.223-.12-.444-.183-1.054-.183H3.754zm6.97 12H6v3.104L10.724 14z",
                              "fill": "#757575",
                            },
                            "ref": null,
                            "rendered": null,
                            "type": "path",
                          },
                          Object {
                            "instance": null,
                            "key": undefined,
                            "nodeType": "host",
                            "props": Object {
                              "fill": "#fff",
                              "height": "2",
                              "width": "12",
                              "x": "4",
                              "y": "4",
                            },
                            "ref": null,
                            "rendered": null,
                            "type": "rect",
                          },
                          Object {
                            "instance": null,
                            "key": undefined,
                            "nodeType": "host",
                            "props": Object {
                              "fill": "#fff",
                              "height": "2",
                              "width": "12",
                              "x": "4",
                              "y": "7",
                            },
                            "ref": null,
                            "rendered": null,
                            "type": "rect",
                          },
                          Object {
                            "instance": null,
                            "key": undefined,
                            "nodeType": "host",
                            "props": Object {
                              "fill": "#fff",
                              "height": "2",
                              "width": "12",
                              "x": "4",
                              "y": "10",
                            },
                            "ref": null,
                            "rendered": null,
                            "type": "rect",
                          },
                        ],
                        "type": "svg",
                      },
                      "type": "span",
                    },
                  ],
                  "type": "div",
                },
                Object {
                  "instance": null,
                  "key": undefined,
                  "nodeType": "host",
                  "props": Object {
                    "children": <svg
                      height="16"
                      onClick={[Function]}
                      style={
                        Object {
                          "marginBottom": "1px",
                        }
                      }
                      width="20"
                      xmlns="http://www.w3.org/2000/svg"
                    >
                      <path
                        d="M19.7 6.2l-6.6-6c-.5-.5-1.1 0-1.1.8v3C7.3 4 3.3 6.9 1.4 10.8.7 12.1.3 13.5 0 14.9c-.2 1 1.3 1.5 1.9.6C4.1 12 7.8 9.7 12 9.7V13c0 .8.6 1.3 1.1.8l6.6-6c.4-.4.4-1.2 0-1.6z"
                        fill="#757575"
                      />
                    </svg>,
                    "className": "g__circle",
                    "style": Object {
                      "alignItems": "center",
                      "display": "flex",
                      "justifyContent": "center",
                    },
                  },
                  "ref": null,
                  "rendered": Object {
                    "instance": null,
                    "key": undefined,
                    "nodeType": "host",
                    "props": Object {
                      "children": <path
                        d="M19.7 6.2l-6.6-6c-.5-.5-1.1 0-1.1.8v3C7.3 4 3.3 6.9 1.4 10.8.7 12.1.3 13.5 0 14.9c-.2 1 1.3 1.5 1.9.6C4.1 12 7.8 9.7 12 9.7V13c0 .8.6 1.3 1.1.8l6.6-6c.4-.4.4-1.2 0-1.6z"
                        fill="#757575"
                      />,
                      "height": "16",
                      "onClick": [Function],
                      "style": Object {
                        "marginBottom": "1px",
                      },
                      "width": "20",
                      "xmlns": "http://www.w3.org/2000/svg",
                    },
                    "ref": null,
                    "rendered": Object {
                      "instance": null,
                      "key": undefined,
                      "nodeType": "host",
                      "props": Object {
                        "d": "M19.7 6.2l-6.6-6c-.5-.5-1.1 0-1.1.8v3C7.3 4 3.3 6.9 1.4 10.8.7 12.1.3 13.5 0 14.9c-.2 1 1.3 1.5 1.9.6C4.1 12 7.8 9.7 12 9.7V13c0 .8.6 1.3 1.1.8l6.6-6c.4-.4.4-1.2 0-1.6z",
                        "fill": "#757575",
                      },
                      "ref": null,
                      "rendered": null,
                      "type": "path",
                    },
                    "type": "svg",
                  },
                  "type": "div",
                },
              ],
              "type": "div",
            },
          ],
          "type": "div",
        },
        "type": [Function],
      },
      Object {
        "instance": null,
        "key": undefined,
        "nodeType": "class",
        "props": Object {
          "disableComments": undefined,
          "isPostOwner": undefined,
          "onToggleRequest": [Function],
          "open": false,
          "ownerPostUserId": undefined,
          "postId": undefined,
        },
        "ref": null,
        "rendered": null,
        "type": [Function],
      },
      Object {
        "instance": null,
        "key": undefined,
        "nodeType": "class",
        "props": Object {
          "autoHideDuration": 1000,
          "message": "Link to Post copied!",
          "open": false,
          "style": Object {
            "left": "1%",
            "transform": "none",
          },
        },
        "ref": null,
        "rendered": null,
        "type": [Function],
      },
      Object {
        "instance": null,
        "key": undefined,
        "nodeType": "class",
        "props": Object {
          "disableComments": undefined,
          "disableSharing": undefined,
          "edit": true,
          "id": undefined,
          "image": "",
          "onRequestClose": [Function],
          "open": false,
          "text": undefined,
        },
        "ref": null,
        "rendered": null,
        "type": [Function],
      },
    ],
    "type": "div",
  },
  Symbol(enzyme.__nodes__): Array [
    Object {
      "instance": null,
      "key": undefined,
      "nodeType": "host",
      "props": Object {
        "children": Array [
          <CardHeader
            avatar={
              <NavLink
                activeClassName="active"
                ariaCurrent="true"
                to="/undefined"
              >
                <Connect(UserAvatar)
                  fileName={undefined}
                  fullName={undefined}
                  size={36}
                />
              </NavLink>
            }
            subtitle="Invalid date"
            title={
              <NavLink
                activeClassName="active"
                ariaCurrent="true"
                to="/undefined"
              />
            }
          >
            
          </CardHeader>,
          "",
          "",
          <CardActions>
            <div
              style={
                Object {
                  "display": "flex",
                  "justifyContent": "space-between",
                  "margin": "16px 8px",
                }
              }
            >
              <div
                style={
                  Object {
                    "display": "flex",
                  }
                }
              >
                <div
                  className="g__circle"
                  onClick={[Function]}
                >
                  <Checkbox
                    checkedIcon={
                      <ActionFavorite
                        style={
                          Object {
                            "fill": "#EC425C",
                          }
                        }
                      />
                    }
                    defaultChecked={undefined}
                    disabled={false}
                    labelPosition="right"
                    style={
                      Object {
                        "transform": "translate(6px, 6px)",
                      }
                    }
                    uncheckedIcon={
                      <ActionFavoriteBorder
                        style={
                          Object {
                            "fill": "#757575",
                          }
                        }
                      />
                    }
                  />
                </div>
                <div
                  style={
                    Object {
                      "color": "#757575",
                      "fontSize": "12px",
                      "lineHeight": "36px",
                    }
                  }
                >
                   
                  
                   
                </div>
              </div>
              <div
                style={
                  Object {
                    "display": "flex",
                  }
                }
              >
                <div
                  style={
                    Object {
                      "alignItems": "center",
                      "display": "flex",
                    }
                  }
                >
                  <div
                    style={
                      Object {
                        "color": "#757575",
                        "fontSize": "12px",
                        "lineHeight": "36px",
                      }
                    }
                  >
                    
                  </div>
                  <span
                    className="g__circle"
                    style={
                      Object {
                        "alignItems": "center",
                        "display": "flex",
                        "justifyContent": "center",
                        "margin": "0",
                      }
                    }
                  >
                    <svg
                      height="21"
                      onClick={[Function]}
                      style={
                        Object {
                          "marginTop": "2px",
                        }
                      }
                      width="20"
                      xmlns="http://www.w3.org/2000/svg"
                    >
                      <path
                        d="M11.87 16l-7.435 4.415A.288.288 0 0 1 4 20.168V16h-.493c-1.22 0-1.661-.127-2.107-.365A2.486 2.486 0 0 1 .365 14.6C.127 14.154 0 13.712 0 12.493V3.507C0 2.287.127 1.846.365 1.4A2.486 2.486 0 0 1 1.4.365C1.846.127 2.288 0 3.507 0h12.986c1.22 0 1.661.127 2.107.365.446.239.796.589 1.035 1.035.238.446.365.888.365 2.107v8.986c0 1.22-.127 1.661-.365 2.107a2.486 2.486 0 0 1-1.035 1.035c-.446.238-.888.365-2.107.365h-4.624zM3.753 2c-.61 0-.831.063-1.054.183-.223.119-.398.294-.517.517-.12.223-.183.444-.183 1.054v8.492c0 .61.063.831.183 1.054.119.223.294.398.517.517.223.12.444.183 1.054.183h12.492c.61 0 .831-.063 1.054-.183.223-.119.398-.294.517-.517.12-.223.183-.444.183-1.054V3.754c0-.61-.063-.831-.183-1.054a1.243 1.243 0 0 0-.517-.517c-.223-.12-.444-.183-1.054-.183H3.754zm6.97 12H6v3.104L10.724 14z"
                        fill="#757575"
                      />
                      <rect
                        fill="#fff"
                        height="2"
                        width="12"
                        x="4"
                        y="4"
                      />
                      <rect
                        fill="#fff"
                        height="2"
                        width="12"
                        x="4"
                        y="7"
                      />
                      <rect
                        fill="#fff"
                        height="2"
                        width="12"
                        x="4"
                        y="10"
                      />
                    </svg>
                  </span>
                </div>
                <div
                  className="g__circle"
                  style={
                    Object {
                      "alignItems": "center",
                      "display": "flex",
                      "justifyContent": "center",
                    }
                  }
                >
                  <svg
                    height="16"
                    onClick={[Function]}
                    style={
                      Object {
                        "marginBottom": "1px",
                      }
                    }
                    width="20"
                    xmlns="http://www.w3.org/2000/svg"
                  >
                    <path
                      d="M19.7 6.2l-6.6-6c-.5-.5-1.1 0-1.1.8v3C7.3 4 3.3 6.9 1.4 10.8.7 12.1.3 13.5 0 14.9c-.2 1 1.3 1.5 1.9.6C4.1 12 7.8 9.7 12 9.7V13c0 .8.6 1.3 1.1.8l6.6-6c.4-.4.4-1.2 0-1.6z"
                      fill="#757575"
                    />
                  </svg>
                </div>
              </div>
            </div>
          </CardActions>,
          <Connect(CommentGroup)
            disableComments={undefined}
            isPostOwner={undefined}
            onToggleRequest={[Function]}
            open={false}
            ownerPostUserId={undefined}
            postId={undefined}
          />,
          <Snackbar
            autoHideDuration={1000}
            message="Link to Post copied!"
            open={false}
            style={
              Object {
                "left": "1%",
                "transform": "none",
              }
            }
          />,
          <Connect(PostWrite)
            disableComments={undefined}
            disableSharing={undefined}
            edit={true}
            id={undefined}
            image=""
            onRequestClose={[Function]}
            open={false}
            text={undefined}
          />,
        ],
        "style": Object {
          "backgroundColor": "#fff",
          "border": "1px solid #dddfe2",
          "borderRadius": "7px",
        },
      },
      "ref": null,
      "rendered": Array [
        Object {
          "instance": null,
          "key": undefined,
          "nodeType": "class",
          "props": Object {
            "avatar": <NavLink
              activeClassName="active"
              ariaCurrent="true"
              to="/undefined"
            >
              <Connect(UserAvatar)
                fileName={undefined}
                fullName={undefined}
                size={36}
              />
            </NavLink>,
            "children": "",
            "subtitle": "Invalid date",
            "title": <NavLink
              activeClassName="active"
              ariaCurrent="true"
              to="/undefined"
            />,
          },
          "ref": null,
          "rendered": "",
          "type": [Function],
        },
        "",
        "",
        Object {
          "instance": null,
          "key": undefined,
          "nodeType": "class",
          "props": Object {
            "children": <div
              style={
                Object {
                  "display": "flex",
                  "justifyContent": "space-between",
                  "margin": "16px 8px",
                }
              }
            >
              <div
                style={
                  Object {
                    "display": "flex",
                  }
                }
              >
                <div
                  className="g__circle"
                  onClick={[Function]}
                >
                  <Checkbox
                    checkedIcon={
                      <ActionFavorite
                        style={
                          Object {
                            "fill": "#EC425C",
                          }
                        }
                      />
                    }
                    defaultChecked={undefined}
                    disabled={false}
                    labelPosition="right"
                    style={
                      Object {
                        "transform": "translate(6px, 6px)",
                      }
                    }
                    uncheckedIcon={
                      <ActionFavoriteBorder
                        style={
                          Object {
                            "fill": "#757575",
                          }
                        }
                      />
                    }
                  />
                </div>
                <div
                  style={
                    Object {
                      "color": "#757575",
                      "fontSize": "12px",
                      "lineHeight": "36px",
                    }
                  }
                >
                   
                  
                   
                </div>
              </div>
              <div
                style={
                  Object {
                    "display": "flex",
                  }
                }
              >
                <div
                  style={
                    Object {
                      "alignItems": "center",
                      "display": "flex",
                    }
                  }
                >
                  <div
                    style={
                      Object {
                        "color": "#757575",
                        "fontSize": "12px",
                        "lineHeight": "36px",
                      }
                    }
                  >
                    
                  </div>
                  <span
                    className="g__circle"
                    style={
                      Object {
                        "alignItems": "center",
                        "display": "flex",
                        "justifyContent": "center",
                        "margin": "0",
                      }
                    }
                  >
                    <svg
                      height="21"
                      onClick={[Function]}
                      style={
                        Object {
                          "marginTop": "2px",
                        }
                      }
                      width="20"
                      xmlns="http://www.w3.org/2000/svg"
                    >
                      <path
                        d="M11.87 16l-7.435 4.415A.288.288 0 0 1 4 20.168V16h-.493c-1.22 0-1.661-.127-2.107-.365A2.486 2.486 0 0 1 .365 14.6C.127 14.154 0 13.712 0 12.493V3.507C0 2.287.127 1.846.365 1.4A2.486 2.486 0 0 1 1.4.365C1.846.127 2.288 0 3.507 0h12.986c1.22 0 1.661.127 2.107.365.446.239.796.589 1.035 1.035.238.446.365.888.365 2.107v8.986c0 1.22-.127 1.661-.365 2.107a2.486 2.486 0 0 1-1.035 1.035c-.446.238-.888.365-2.107.365h-4.624zM3.753 2c-.61 0-.831.063-1.054.183-.223.119-.398.294-.517.517-.12.223-.183.444-.183 1.054v8.492c0 .61.063.831.183 1.054.119.223.294.398.517.517.223.12.444.183 1.054.183h12.492c.61 0 .831-.063 1.054-.183.223-.119.398-.294.517-.517.12-.223.183-.444.183-1.054V3.754c0-.61-.063-.831-.183-1.054a1.243 1.243 0 0 0-.517-.517c-.223-.12-.444-.183-1.054-.183H3.754zm6.97 12H6v3.104L10.724 14z"
                        fill="#757575"
                      />
                      <rect
                        fill="#fff"
                        height="2"
                        width="12"
                        x="4"
                        y="4"
                      />
                      <rect
                        fill="#fff"
                        height="2"
                        width="12"
                        x="4"
                        y="7"
                      />
                      <rect
                        fill="#fff"
                        height="2"
                        width="12"
                        x="4"
                        y="10"
                      />
                    </svg>
                  </span>
                </div>
                <div
                  className="g__circle"
                  style={
                    Object {
                      "alignItems": "center",
                      "display": "flex",
                      "justifyContent": "center",
                    }
                  }
                >
                  <svg
                    height="16"
                    onClick={[Function]}
                    style={
                      Object {
                        "marginBottom": "1px",
                      }
                    }
                    width="20"
                    xmlns="http://www.w3.org/2000/svg"
                  >
                    <path
                      d="M19.7 6.2l-6.6-6c-.5-.5-1.1 0-1.1.8v3C7.3 4 3.3 6.9 1.4 10.8.7 12.1.3 13.5 0 14.9c-.2 1 1.3 1.5 1.9.6C4.1 12 7.8 9.7 12 9.7V13c0 .8.6 1.3 1.1.8l6.6-6c.4-.4.4-1.2 0-1.6z"
                      fill="#757575"
                    />
                  </svg>
                </div>
              </div>
            </div>,
          },
          "ref": null,
          "rendered": Object {
            "instance": null,
            "key": undefined,
            "nodeType": "host",
            "props": Object {
              "children": Array [
                <div
                  style={
                    Object {
                      "display": "flex",
                    }
                  }
                >
                  <div
                    className="g__circle"
                    onClick={[Function]}
                  >
                    <Checkbox
                      checkedIcon={
                        <ActionFavorite
                          style={
                            Object {
                              "fill": "#EC425C",
                            }
                          }
                        />
                      }
                      defaultChecked={undefined}
                      disabled={false}
                      labelPosition="right"
                      style={
                        Object {
                          "transform": "translate(6px, 6px)",
                        }
                      }
                      uncheckedIcon={
                        <ActionFavoriteBorder
                          style={
                            Object {
                              "fill": "#757575",
                            }
                          }
                        />
                      }
                    />
                  </div>
                  <div
                    style={
                      Object {
                        "color": "#757575",
                        "fontSize": "12px",
                        "lineHeight": "36px",
                      }
                    }
                  >
                     
                    
                     
                  </div>
                </div>,
                <div
                  style={
                    Object {
                      "display": "flex",
                    }
                  }
                >
                  <div
                    style={
                      Object {
                        "alignItems": "center",
                        "display": "flex",
                      }
                    }
                  >
                    <div
                      style={
                        Object {
                          "color": "#757575",
                          "fontSize": "12px",
                          "lineHeight": "36px",
                        }
                      }
                    >
                      
                    </div>
                    <span
                      className="g__circle"
                      style={
                        Object {
                          "alignItems": "center",
                          "display": "flex",
                          "justifyContent": "center",
                          "margin": "0",
                        }
                      }
                    >
                      <svg
                        height="21"
                        onClick={[Function]}
                        style={
                          Object {
                            "marginTop": "2px",
                          }
                        }
                        width="20"
                        xmlns="http://www.w3.org/2000/svg"
                      >
                        <path
                          d="M11.87 16l-7.435 4.415A.288.288 0 0 1 4 20.168V16h-.493c-1.22 0-1.661-.127-2.107-.365A2.486 2.486 0 0 1 .365 14.6C.127 14.154 0 13.712 0 12.493V3.507C0 2.287.127 1.846.365 1.4A2.486 2.486 0 0 1 1.4.365C1.846.127 2.288 0 3.507 0h12.986c1.22 0 1.661.127 2.107.365.446.239.796.589 1.035 1.035.238.446.365.888.365 2.107v8.986c0 1.22-.127 1.661-.365 2.107a2.486 2.486 0 0 1-1.035 1.035c-.446.238-.888.365-2.107.365h-4.624zM3.753 2c-.61 0-.831.063-1.054.183-.223.119-.398.294-.517.517-.12.223-.183.444-.183 1.054v8.492c0 .61.063.831.183 1.054.119.223.294.398.517.517.223.12.444.183 1.054.183h12.492c.61 0 .831-.063 1.054-.183.223-.119.398-.294.517-.517.12-.223.183-.444.183-1.054V3.754c0-.61-.063-.831-.183-1.054a1.243 1.243 0 0 0-.517-.517c-.223-.12-.444-.183-1.054-.183H3.754zm6.97 12H6v3.104L10.724 14z"
                          fill="#757575"
                        />
                        <rect
                          fill="#fff"
                          height="2"
                          width="12"
                          x="4"
                          y="4"
                        />
                        <rect
                          fill="#fff"
                          height="2"
                          width="12"
                          x="4"
                          y="7"
                        />
                        <rect
                          fill="#fff"
                          height="2"
                          width="12"
                          x="4"
                          y="10"
                        />
                      </svg>
                    </span>
                  </div>
                  <div
                    className="g__circle"
                    style={
                      Object {
                        "alignItems": "center",
                        "display": "flex",
                        "justifyContent": "center",
                      }
                    }
                  >
                    <svg
                      height="16"
                      onClick={[Function]}
                      style={
                        Object {
                          "marginBottom": "1px",
                        }
                      }
                      width="20"
                      xmlns="http://www.w3.org/2000/svg"
                    >
                      <path
                        d="M19.7 6.2l-6.6-6c-.5-.5-1.1 0-1.1.8v3C7.3 4 3.3 6.9 1.4 10.8.7 12.1.3 13.5 0 14.9c-.2 1 1.3 1.5 1.9.6C4.1 12 7.8 9.7 12 9.7V13c0 .8.6 1.3 1.1.8l6.6-6c.4-.4.4-1.2 0-1.6z"
                        fill="#757575"
                      />
                    </svg>
                  </div>
                </div>,
              ],
              "style": Object {
                "display": "flex",
                "justifyContent": "space-between",
                "margin": "16px 8px",
              },
            },
            "ref": null,
            "rendered": Array [
              Object {
                "instance": null,
                "key": undefined,
                "nodeType": "host",
                "props": Object {
                  "children": Array [
                    <div
                      className="g__circle"
                      onClick={[Function]}
                    >
                      <Checkbox
                        checkedIcon={
                          <ActionFavorite
                            style={
                              Object {
                                "fill": "#EC425C",
                              }
                            }
                          />
                        }
                        defaultChecked={undefined}
                        disabled={false}
                        labelPosition="right"
                        style={
                          Object {
                            "transform": "translate(6px, 6px)",
                          }
                        }
                        uncheckedIcon={
                          <ActionFavoriteBorder
                            style={
                              Object {
                                "fill": "#757575",
                              }
                            }
                          />
                        }
                      />
                    </div>,
                    <div
                      style={
                        Object {
                          "color": "#757575",
                          "fontSize": "12px",
                          "lineHeight": "36px",
                        }
                      }
                    >
                       
                      
                       
                    </div>,
                  ],
                  "style": Object {
                    "display": "flex",
                  },
                },
                "ref": null,
                "rendered": Array [
                  Object {
                    "instance": null,
                    "key": undefined,
                    "nodeType": "host",
                    "props": Object {
                      "children": <Checkbox
                        checkedIcon={
                          <ActionFavorite
                            style={
                              Object {
                                "fill": "#EC425C",
                              }
                            }
                          />
                        }
                        defaultChecked={undefined}
                        disabled={false}
                        labelPosition="right"
                        style={
                          Object {
                            "transform": "translate(6px, 6px)",
                          }
                        }
                        uncheckedIcon={
                          <ActionFavoriteBorder
                            style={
                              Object {
                                "fill": "#757575",
                              }
                            }
                          />
                        }
                      />,
                      "className": "g__circle",
                      "onClick": [Function],
                    },
                    "ref": null,
                    "rendered": Object {
                      "instance": null,
                      "key": undefined,
                      "nodeType": "class",
                      "props": Object {
                        "checkedIcon": <ActionFavorite
                          style={
                            Object {
                              "fill": "#EC425C",
                            }
                          }
                        />,
                        "defaultChecked": undefined,
                        "disabled": false,
                        "labelPosition": "right",
                        "style": Object {
                          "transform": "translate(6px, 6px)",
                        },
                        "uncheckedIcon": <ActionFavoriteBorder
                          style={
                            Object {
                              "fill": "#757575",
                            }
                          }
                        />,
                      },
                      "ref": null,
                      "rendered": null,
                      "type": [Function],
                    },
                    "type": "div",
                  },
                  Object {
                    "instance": null,
                    "key": undefined,
                    "nodeType": "host",
                    "props": Object {
                      "children": Array [
                        " ",
                        "",
                        " ",
                      ],
                      "style": Object {
                        "color": "#757575",
                        "fontSize": "12px",
                        "lineHeight": "36px",
                      },
                    },
                    "ref": null,
                    "rendered": Array [
                      " ",
                      "",
                      " ",
                    ],
                    "type": "div",
                  },
                ],
                "type": "div",
              },
              Object {
                "instance": null,
                "key": undefined,
                "nodeType": "host",
                "props": Object {
                  "children": Array [
                    <div
                      style={
                        Object {
                          "alignItems": "center",
                          "display": "flex",
                        }
                      }
                    >
                      <div
                        style={
                          Object {
                            "color": "#757575",
                            "fontSize": "12px",
                            "lineHeight": "36px",
                          }
                        }
                      >
                        
                      </div>
                      <span
                        className="g__circle"
                        style={
                          Object {
                            "alignItems": "center",
                            "display": "flex",
                            "justifyContent": "center",
                            "margin": "0",
                          }
                        }
                      >
                        <svg
                          height="21"
                          onClick={[Function]}
                          style={
                            Object {
                              "marginTop": "2px",
                            }
                          }
                          width="20"
                          xmlns="http://www.w3.org/2000/svg"
                        >
                          <path
                            d="M11.87 16l-7.435 4.415A.288.288 0 0 1 4 20.168V16h-.493c-1.22 0-1.661-.127-2.107-.365A2.486 2.486 0 0 1 .365 14.6C.127 14.154 0 13.712 0 12.493V3.507C0 2.287.127 1.846.365 1.4A2.486 2.486 0 0 1 1.4.365C1.846.127 2.288 0 3.507 0h12.986c1.22 0 1.661.127 2.107.365.446.239.796.589 1.035 1.035.238.446.365.888.365 2.107v8.986c0 1.22-.127 1.661-.365 2.107a2.486 2.486 0 0 1-1.035 1.035c-.446.238-.888.365-2.107.365h-4.624zM3.753 2c-.61 0-.831.063-1.054.183-.223.119-.398.294-.517.517-.12.223-.183.444-.183 1.054v8.492c0 .61.063.831.183 1.054.119.223.294.398.517.517.223.12.444.183 1.054.183h12.492c.61 0 .831-.063 1.054-.183.223-.119.398-.294.517-.517.12-.223.183-.444.183-1.054V3.754c0-.61-.063-.831-.183-1.054a1.243 1.243 0 0 0-.517-.517c-.223-.12-.444-.183-1.054-.183H3.754zm6.97 12H6v3.104L10.724 14z"
                            fill="#757575"
                          />
                          <rect
                            fill="#fff"
                            height="2"
                            width="12"
                            x="4"
                            y="4"
                          />
                          <rect
                            fill="#fff"
                            height="2"
                            width="12"
                            x="4"
                            y="7"
                          />
                          <rect
                            fill="#fff"
                            height="2"
                            width="12"
                            x="4"
                            y="10"
                          />
                        </svg>
                      </span>
                    </div>,
                    <div
                      className="g__circle"
                      style={
                        Object {
                          "alignItems": "center",
                          "display": "flex",
                          "justifyContent": "center",
                        }
                      }
                    >
                      <svg
                        height="16"
                        onClick={[Function]}
                        style={
                          Object {
                            "marginBottom": "1px",
                          }
                        }
                        width="20"
                        xmlns="http://www.w3.org/2000/svg"
                      >
                        <path
                          d="M19.7 6.2l-6.6-6c-.5-.5-1.1 0-1.1.8v3C7.3 4 3.3 6.9 1.4 10.8.7 12.1.3 13.5 0 14.9c-.2 1 1.3 1.5 1.9.6C4.1 12 7.8 9.7 12 9.7V13c0 .8.6 1.3 1.1.8l6.6-6c.4-.4.4-1.2 0-1.6z"
                          fill="#757575"
                        />
                      </svg>
                    </div>,
                  ],
                  "style": Object {
                    "display": "flex",
                  },
                },
                "ref": null,
                "rendered": Array [
                  Object {
                    "instance": null,
                    "key": undefined,
                    "nodeType": "host",
                    "props": Object {
                      "children": Array [
                        <div
                          style={
                            Object {
                              "color": "#757575",
                              "fontSize": "12px",
                              "lineHeight": "36px",
                            }
                          }
                        >
                          
                        </div>,
                        <span
                          className="g__circle"
                          style={
                            Object {
                              "alignItems": "center",
                              "display": "flex",
                              "justifyContent": "center",
                              "margin": "0",
                            }
                          }
                        >
                          <svg
                            height="21"
                            onClick={[Function]}
                            style={
                              Object {
                                "marginTop": "2px",
                              }
                            }
                            width="20"
                            xmlns="http://www.w3.org/2000/svg"
                          >
                            <path
                              d="M11.87 16l-7.435 4.415A.288.288 0 0 1 4 20.168V16h-.493c-1.22 0-1.661-.127-2.107-.365A2.486 2.486 0 0 1 .365 14.6C.127 14.154 0 13.712 0 12.493V3.507C0 2.287.127 1.846.365 1.4A2.486 2.486 0 0 1 1.4.365C1.846.127 2.288 0 3.507 0h12.986c1.22 0 1.661.127 2.107.365.446.239.796.589 1.035 1.035.238.446.365.888.365 2.107v8.986c0 1.22-.127 1.661-.365 2.107a2.486 2.486 0 0 1-1.035 1.035c-.446.238-.888.365-2.107.365h-4.624zM3.753 2c-.61 0-.831.063-1.054.183-.223.119-.398.294-.517.517-.12.223-.183.444-.183 1.054v8.492c0 .61.063.831.183 1.054.119.223.294.398.517.517.223.12.444.183 1.054.183h12.492c.61 0 .831-.063 1.054-.183.223-.119.398-.294.517-.517.12-.223.183-.444.183-1.054V3.754c0-.61-.063-.831-.183-1.054a1.243 1.243 0 0 0-.517-.517c-.223-.12-.444-.183-1.054-.183H3.754zm6.97 12H6v3.104L10.724 14z"
                              fill="#757575"
                            />
                            <rect
                              fill="#fff"
                              height="2"
                              width="12"
                              x="4"
                              y="4"
                            />
                            <rect
                              fill="#fff"
                              height="2"
                              width="12"
                              x="4"
                              y="7"
                            />
                            <rect
                              fill="#fff"
                              height="2"
                              width="12"
                              x="4"
                              y="10"
                            />
                          </svg>
                        </span>,
                      ],
                      "style": Object {
                        "alignItems": "center",
                        "display": "flex",
                      },
                    },
                    "ref": null,
                    "rendered": Array [
                      Object {
                        "instance": null,
                        "key": undefined,
                        "nodeType": "host",
                        "props": Object {
                          "children": "",
                          "style": Object {
                            "color": "#757575",
                            "fontSize": "12px",
                            "lineHeight": "36px",
                          },
                        },
                        "ref": null,
                        "rendered": "",
                        "type": "div",
                      },
                      Object {
                        "instance": null,
                        "key": undefined,
                        "nodeType": "host",
                        "props": Object {
                          "children": <svg
                            height="21"
                            onClick={[Function]}
                            style={
                              Object {
                                "marginTop": "2px",
                              }
                            }
                            width="20"
                            xmlns="http://www.w3.org/2000/svg"
                          >
                            <path
                              d="M11.87 16l-7.435 4.415A.288.288 0 0 1 4 20.168V16h-.493c-1.22 0-1.661-.127-2.107-.365A2.486 2.486 0 0 1 .365 14.6C.127 14.154 0 13.712 0 12.493V3.507C0 2.287.127 1.846.365 1.4A2.486 2.486 0 0 1 1.4.365C1.846.127 2.288 0 3.507 0h12.986c1.22 0 1.661.127 2.107.365.446.239.796.589 1.035 1.035.238.446.365.888.365 2.107v8.986c0 1.22-.127 1.661-.365 2.107a2.486 2.486 0 0 1-1.035 1.035c-.446.238-.888.365-2.107.365h-4.624zM3.753 2c-.61 0-.831.063-1.054.183-.223.119-.398.294-.517.517-.12.223-.183.444-.183 1.054v8.492c0 .61.063.831.183 1.054.119.223.294.398.517.517.223.12.444.183 1.054.183h12.492c.61 0 .831-.063 1.054-.183.223-.119.398-.294.517-.517.12-.223.183-.444.183-1.054V3.754c0-.61-.063-.831-.183-1.054a1.243 1.243 0 0 0-.517-.517c-.223-.12-.444-.183-1.054-.183H3.754zm6.97 12H6v3.104L10.724 14z"
                              fill="#757575"
                            />
                            <rect
                              fill="#fff"
                              height="2"
                              width="12"
                              x="4"
                              y="4"
                            />
                            <rect
                              fill="#fff"
                              height="2"
                              width="12"
                              x="4"
                              y="7"
                            />
                            <rect
                              fill="#fff"
                              height="2"
                              width="12"
                              x="4"
                              y="10"
                            />
                          </svg>,
                          "className": "g__circle",
                          "style": Object {
                            "alignItems": "center",
                            "display": "flex",
                            "justifyContent": "center",
                            "margin": "0",
                          },
                        },
                        "ref": null,
                        "rendered": Object {
                          "instance": null,
                          "key": undefined,
                          "nodeType": "host",
                          "props": Object {
                            "children": Array [
                              <path
                                d="M11.87 16l-7.435 4.415A.288.288 0 0 1 4 20.168V16h-.493c-1.22 0-1.661-.127-2.107-.365A2.486 2.486 0 0 1 .365 14.6C.127 14.154 0 13.712 0 12.493V3.507C0 2.287.127 1.846.365 1.4A2.486 2.486 0 0 1 1.4.365C1.846.127 2.288 0 3.507 0h12.986c1.22 0 1.661.127 2.107.365.446.239.796.589 1.035 1.035.238.446.365.888.365 2.107v8.986c0 1.22-.127 1.661-.365 2.107a2.486 2.486 0 0 1-1.035 1.035c-.446.238-.888.365-2.107.365h-4.624zM3.753 2c-.61 0-.831.063-1.054.183-.223.119-.398.294-.517.517-.12.223-.183.444-.183 1.054v8.492c0 .61.063.831.183 1.054.119.223.294.398.517.517.223.12.444.183 1.054.183h12.492c.61 0 .831-.063 1.054-.183.223-.119.398-.294.517-.517.12-.223.183-.444.183-1.054V3.754c0-.61-.063-.831-.183-1.054a1.243 1.243 0 0 0-.517-.517c-.223-.12-.444-.183-1.054-.183H3.754zm6.97 12H6v3.104L10.724 14z"
                                fill="#757575"
                              />,
                              <rect
                                fill="#fff"
                                height="2"
                                width="12"
                                x="4"
                                y="4"
                              />,
                              <rect
                                fill="#fff"
                                height="2"
                                width="12"
                                x="4"
                                y="7"
                              />,
                              <rect
                                fill="#fff"
                                height="2"
                                width="12"
                                x="4"
                                y="10"
                              />,
                            ],
                            "height": "21",
                            "onClick": [Function],
                            "style": Object {
                              "marginTop": "2px",
                            },
                            "width": "20",
                            "xmlns": "http://www.w3.org/2000/svg",
                          },
                          "ref": null,
                          "rendered": Array [
                            Object {
                              "instance": null,
                              "key": undefined,
                              "nodeType": "host",
                              "props": Object {
                                "d": "M11.87 16l-7.435 4.415A.288.288 0 0 1 4 20.168V16h-.493c-1.22 0-1.661-.127-2.107-.365A2.486 2.486 0 0 1 .365 14.6C.127 14.154 0 13.712 0 12.493V3.507C0 2.287.127 1.846.365 1.4A2.486 2.486 0 0 1 1.4.365C1.846.127 2.288 0 3.507 0h12.986c1.22 0 1.661.127 2.107.365.446.239.796.589 1.035 1.035.238.446.365.888.365 2.107v8.986c0 1.22-.127 1.661-.365 2.107a2.486 2.486 0 0 1-1.035 1.035c-.446.238-.888.365-2.107.365h-4.624zM3.753 2c-.61 0-.831.063-1.054.183-.223.119-.398.294-.517.517-.12.223-.183.444-.183 1.054v8.492c0 .61.063.831.183 1.054.119.223.294.398.517.517.223.12.444.183 1.054.183h12.492c.61 0 .831-.063 1.054-.183.223-.119.398-.294.517-.517.12-.223.183-.444.183-1.054V3.754c0-.61-.063-.831-.183-1.054a1.243 1.243 0 0 0-.517-.517c-.223-.12-.444-.183-1.054-.183H3.754zm6.97 12H6v3.104L10.724 14z",
                                "fill": "#757575",
                              },
                              "ref": null,
                              "rendered": null,
                              "type": "path",
                            },
                            Object {
                              "instance": null,
                              "key": undefined,
                              "nodeType": "host",
                              "props": Object {
                                "fill": "#fff",
                                "height": "2",
                                "width": "12",
                                "x": "4",
                                "y": "4",
                              },
                              "ref": null,
                              "rendered": null,
                              "type": "rect",
                            },
                            Object {
                              "instance": null,
                              "key": undefined,
                              "nodeType": "host",
                              "props": Object {
                                "fill": "#fff",
                                "height": "2",
                                "width": "12",
                                "x": "4",
                                "y": "7",
                              },
                              "ref": null,
                              "rendered": null,
                              "type": "rect",
                            },
                            Object {
                              "instance": null,
                              "key": undefined,
                              "nodeType": "host",
                              "props": Object {
                                "fill": "#fff",
                                "height": "2",
                                "width": "12",
                                "x": "4",
                                "y": "10",
                              },
                              "ref": null,
                              "rendered": null,
                              "type": "rect",
                            },
                          ],
                          "type": "svg",
                        },
                        "type": "span",
                      },
                    ],
                    "type": "div",
                  },
                  Object {
                    "instance": null,
                    "key": undefined,
                    "nodeType": "host",
                    "props": Object {
                      "children": <svg
                        height="16"
                        onClick={[Function]}
                        style={
                          Object {
                            "marginBottom": "1px",
                          }
                        }
                        width="20"
                        xmlns="http://www.w3.org/2000/svg"
                      >
                        <path
                          d="M19.7 6.2l-6.6-6c-.5-.5-1.1 0-1.1.8v3C7.3 4 3.3 6.9 1.4 10.8.7 12.1.3 13.5 0 14.9c-.2 1 1.3 1.5 1.9.6C4.1 12 7.8 9.7 12 9.7V13c0 .8.6 1.3 1.1.8l6.6-6c.4-.4.4-1.2 0-1.6z"
                          fill="#757575"
                        />
                      </svg>,
                      "className": "g__circle",
                      "style": Object {
                        "alignItems": "center",
                        "display": "flex",
                        "justifyContent": "center",
                      },
                    },
                    "ref": null,
                    "rendered": Object {
                      "instance": null,
                      "key": undefined,
                      "nodeType": "host",
                      "props": Object {
                        "children": <path
                          d="M19.7 6.2l-6.6-6c-.5-.5-1.1 0-1.1.8v3C7.3 4 3.3 6.9 1.4 10.8.7 12.1.3 13.5 0 14.9c-.2 1 1.3 1.5 1.9.6C4.1 12 7.8 9.7 12 9.7V13c0 .8.6 1.3 1.1.8l6.6-6c.4-.4.4-1.2 0-1.6z"
                          fill="#757575"
                        />,
                        "height": "16",
                        "onClick": [Function],
                        "style": Object {
                          "marginBottom": "1px",
                        },
                        "width": "20",
                        "xmlns": "http://www.w3.org/2000/svg",
                      },
                      "ref": null,
                      "rendered": Object {
                        "instance": null,
                        "key": undefined,
                        "nodeType": "host",
                        "props": Object {
                          "d": "M19.7 6.2l-6.6-6c-.5-.5-1.1 0-1.1.8v3C7.3 4 3.3 6.9 1.4 10.8.7 12.1.3 13.5 0 14.9c-.2 1 1.3 1.5 1.9.6C4.1 12 7.8 9.7 12 9.7V13c0 .8.6 1.3 1.1.8l6.6-6c.4-.4.4-1.2 0-1.6z",
                          "fill": "#757575",
                        },
                        "ref": null,
                        "rendered": null,
                        "type": "path",
                      },
                      "type": "svg",
                    },
                    "type": "div",
                  },
                ],
                "type": "div",
              },
            ],
            "type": "div",
          },
          "type": [Function],
        },
        Object {
          "instance": null,
          "key": undefined,
          "nodeType": "class",
          "props": Object {
            "disableComments": undefined,
            "isPostOwner": undefined,
            "onToggleRequest": [Function],
            "open": false,
            "ownerPostUserId": undefined,
            "postId": undefined,
          },
          "ref": null,
          "rendered": null,
          "type": [Function],
        },
        Object {
          "instance": null,
          "key": undefined,
          "nodeType": "class",
          "props": Object {
            "autoHideDuration": 1000,
            "message": "Link to Post copied!",
            "open": false,
            "style": Object {
              "left": "1%",
              "transform": "none",
            },
          },
          "ref": null,
          "rendered": null,
          "type": [Function],
        },
        Object {
          "instance": null,
          "key": undefined,
          "nodeType": "class",
          "props": Object {
            "disableComments": undefined,
            "disableSharing": undefined,
            "edit": true,
            "id": undefined,
            "image": "",
            "onRequestClose": [Function],
            "open": false,
            "text": undefined,
          },
          "ref": null,
          "rendered": null,
          "type": [Function],
        },
      ],
      "type": "div",
    },
  ],
  Symbol(enzyme.__options__): Object {
    "adapter": ReactSixteenAdapter {
      "options": Object {
        "enableComponentDidUpdateOnSetState": true,
      },
    },
  },
}
`;
